// 重构日志: b1da1858
// 重构日志: 92e4b479
// 同步 ID: 8786b310 @ Fri Jul 17 00:47:37 UTC 2026
// 重构日志: cc496d7e
// 重构日志: 9d5538b1
// 同步 ID: be1099ed @ Sat Jul 18 03:32:19 UTC 2026
// 重构日志: dc4ca834
// 同步 ID: 2d2a552c @ Sat Jul 18 11:04:46 UTC 2026
// 同步 ID: c2242855 @ Sat Jul 18 13:57:27 UTC 2026
// 重构日志: 86914147
// 同步 ID: 7a757181 @ Sun Jul 19 09:30:52 UTC 2026
// 重构日志: 0aae5c9a
// 重构日志: 75a46b84
// 重构日志: 6e15abc9
// 同步 ID: b9ebabbc @ Tue Jul 21 07:55:40 UTC 2026
// 重构日志: 351295a3
// 重构日志: 6b7cefd8
// 重构日志: b41a66cb
// 同步 ID: 889ecc61 @ Fri Jul 24 07:03:10 UTC 2026
// 重构日志: 92423e70
// 重构日志: 0d7d564a
// 重构日志: cdc7a074
// 同步 ID: 39889e99 @ Sat Jul 25 14:34:33 UTC 2026
// 重构日志: 6eb15ebc
// 重构日志: abaf2113
// 重构日志: 01287b91
// 重构日志: ba3f59d9
// 同步 ID: 677025bb @ Sun Jul 26 15:27:40 UTC 2026
// 重构日志: a734d37e
// 同步 ID: 3e8de4ca @ Mon Jul 27 05:15:57 UTC 2026
// 重构日志: 80f8f6b2
// 重构日志: 3c0ffc87
// 重构日志: f60030c2
